
================ PROCESS MONITOR SESSION ================
[2026-09-22 05:01:09] PID=3135 PPID=3134 EVENT=NORMAL_TERMINATION DETAILS=Child exited normally
[2026-09-22 05:01:12] PID=3136 PPID=3134 EVENT=SIGNAL_TERMINATION DETAILS=SIGTERM sent by parent
================ SESSION END =================


================ PROCESS MONITOR SESSION ================
[2026-09-22 05:15:39] PID=3336 PPID=3335 EVENT=NORMAL_TERMINATION DETAILS=Child exited normally
[2026-09-22 05:15:42] PID=3337 PPID=3335 EVENT=SIGNAL_TERMINATION DETAILS=SIGTERM sent by parent
================ SESSION END =================


================ PROCESS MONITOR SESSION ================
[2026-09-22 05:17:53] PID=3444 PPID=3443 EVENT=NORMAL_TERMINATION DETAILS=Child exited normally
[2026-09-22 05:17:56] PID=3445 PPID=3443 EVENT=SIGNAL_TERMINATION DETAILS=SIGTERM sent by parent
================ SESSION END =================


================ PROCESS MONITOR SESSION ================
[2026-09-22 05:20:11] PID=3614 PPID=3613 EVENT=NORMAL_TERMINATION DETAILS=Child exited normally
[2026-09-22 05:20:13] PID=3615 PPID=3613 EVENT=SIGNAL_TERMINATION DETAILS=SIGTERM sent by parent
================ SESSION END =================


================ PROCESS MONITOR SESSION ================
[2026-09-22 05:22:07] PID=3701 PPID=3700 EVENT=NORMAL_TERMINATION DETAILS=Child exited normally
[2026-09-22 05:22:09] PID=3702 PPID=3700 EVENT=SIGNAL_TERMINATION DETAILS=SIGTERM sent by parent
================ SESSION END =================


================ PROCESS MONITOR SESSION ================
[2026-09-22 05:34:27] PID=4028 PPID=4027 EVENT=NORMAL_TERMINATION DETAILS=Child exited normally
[2026-09-22 05:34:29] PID=4029 PPID=4027 EVENT=SIGNAL_TERMINATION DETAILS=SIGTERM sent by parent
================ SESSION END =================


================ PROCESS MONITOR SESSION ================
[2026-09-22 05:51:32] PID=744 PPID=743 EVENT=NORMAL_TERMINATION DETAILS=Child exited normally
[2026-09-22 05:51:34] PID=746 PPID=743 EVENT=SIGNAL_TERMINATION DETAILS=SIGTERM sent by parent
[2026-09-22 05:51:36] PID=747 PPID=743 EVENT=SIGNAL_TERMINATION DETAILS=SIGKILL sent by parent
================ SESSION END =================


================ PROCESS MONITOR SESSION ================
[2026-09-22 05:55:02] PID=843 PPID=842 EVENT=NORMAL_TERMINATION DETAILS=Child exited normally
[2026-09-22 05:55:04] PID=845 PPID=842 EVENT=SIGNAL_TERMINATION DETAILS=SIGTERM sent by parent
[2026-09-22 05:55:06] PID=846 PPID=842 EVENT=SIGNAL_TERMINATION DETAILS=SIGKILL sent by parent
================ SESSION END =================


================ PROCESS MONITOR SESSION ================
[2026-09-22 05:55:39] PID=903 PPID=902 EVENT=NORMAL_TERMINATION DETAILS=Child exited normally
[2026-09-22 05:55:41] PID=905 PPID=902 EVENT=SIGNAL_TERMINATION DETAILS=SIGTERM sent by parent
[2026-09-22 05:55:43] PID=906 PPID=902 EVENT=SIGNAL_TERMINATION DETAILS=SIGKILL sent by parent
================ SESSION END =================


================ PROCESS MONITOR SESSION ================
[2026-09-22 06:30:33] PID=803 PPID=802 EVENT=NORMAL_TERMINATION DETAILS=Child exited normally
[2026-09-22 06:30:35] PID=805 PPID=802 EVENT=SIGNAL_TERMINATION DETAILS=SIGTERM sent by parent
[2026-09-22 06:30:37] PID=806 PPID=802 EVENT=SIGNAL_TERMINATION DETAILS=SIGKILL sent by parent
================ SESSION END =================

